npm warn Unknown env config "http-proxy". This will stop working in the next major version of npm.

> site-creator-vinext-starter@0.1.0 build
> node scripts/run-framework.mjs build

/usr/bin/timeout
Running bounded vinext build...

  vinext build  (Vite 8.0.13)

[33m▲ [43;33m[[43;30mWARNING[43;33m][0m [1mProxy environment variables detected. We'll use your proxy for fetch requests.[0m


[1/5] analyze client references...
[2K
transforming...✓ 773 modules transformed.
rendering chunks...
✓ built in 2.32s
[2/5] analyze server references...
[2K
transforming...✓ 589 modules transformed.
rendering chunks...
✓ built in 638ms
[3/5] build rsc environment...
[2K
transforming...✓ 775 modules transformed.
rendering chunks...
computing gzip size...
[33m[PLUGIN_TIMINGS] [0mYour build spent significant time in plugins. Here is a breakdown:
  - rsc:virtual-client-package (19%)
  - vinext:middleware-server-only (17%)
  - rsc:load-environment-module (9%)
  - vinext:og-inline-fetch-assets (9%)
  - alias (9%)
See https://rolldown.rs/options/checks#plugintimings for more details.

✓ built in 3.15s
[4/5] build client environment...
[2K
transforming...✓ 2475 modules transformed.
rendering chunks...
computing gzip size...
✓ built in 1.96s
[5/5] build ssr environment...
[2K
transforming...✓ 600 modules transformed.
rendering chunks...
computing gzip size...
✓ built in 866ms
[0m
  Route (app)
  ─ ? /

  ? Unknown

  ? Some routes could not be classified. vinext currently uses static analysis
    and cannot detect dynamic API usage (headers(), cookies(), etc.) at build time.
    Automatic classification will be improved in a future release.

  Build complete. Run `vinext start` to start the production server.

