Processing request of type ListToolsRequest
Processing request of type CallToolRequest
Processing request of type CallToolRequest
{
  "transport": "stdio",
  "initialized": true,
  "tools": [
    "search_company_policy",
    "get_order",
    "get_customer"
  ],
  "order_call": "passed",
  "retrieval_call": "passed",
  "schemas": [
    {
      "name": "search_company_policy",
      "title": null,
      "description": "Search synthetic company policies and return citation-ready evidence.",
      "inputSchema": {
        "properties": {
          "query": {
            "title": "Query",
            "type": "string"
          },
          "top_k": {
            "default": 6,
            "title": "Top K",
            "type": "integer"
          }
        },
        "required": [
          "query"
        ],
        "title": "search_company_policyArguments",
        "type": "object"
      },
      "outputSchema": {
        "properties": {
          "result": {
            "items": {
              "additionalProperties": true,
              "type": "object"
            },
            "title": "Result",
            "type": "array"
          }
        },
        "required": [
          "result"
        ],
        "title": "search_company_policyOutput",
        "type": "object"
      },
      "icons": null,
      "annotations": null,
      "meta": null,
      "execution": null
    },
    {
      "name": "get_order",
      "title": null,
      "description": "Read a synthetic Northstar order by its exact identifier.",
      "inputSchema": {
        "properties": {
          "order_id": {
            "title": "Order Id",
            "type": "string"
          }
        },
        "required": [
          "order_id"
        ],
        "title": "get_orderArguments",
        "type": "object"
      },
      "outputSchema": null,
      "icons": null,
      "annotations": null,
      "meta": null,
      "execution": null
    },
    {
      "name": "get_customer",
      "title": null,
      "description": "Read a synthetic customer with email removed.",
      "inputSchema": {
        "properties": {
          "customer_id": {
            "title": "Customer Id",
            "type": "string"
          }
        },
        "required": [
          "customer_id"
        ],
        "title": "get_customerArguments",
        "type": "object"
      },
      "outputSchema": null,
      "icons": null,
      "annotations": null,
      "meta": null,
      "execution": null
    }
  ]
}
